A51 MACRO ASSEMBLER  SUB                                                                  10/15/2020 14:14:48 PAGE     1


MACRO ASSEMBLER A51 V8.2.7.0
OBJECT MODULE PLACED IN .\Objects\sub.obj
ASSEMBLER INVOKED BY: D:\Keil\C51\BIN\A51.EXE sub.asm SET(SMALL) DEBUG PRINT(.\Listings\sub.lst) OBJECT(.\Objects\sub.ob
                      j) EP

LOC  OBJ            LINE     SOURCE

0000                   1     ORG 0x0000
0000 900100            2     MOV DPTR,#0x0100
0003 E0                3     MOVX a,@DPTR
0004 F8                4     MOV R0,a
0005 A3                5     INC DPTR
0006 E0                6     MOVX a,@DPTR
0007 98                7     SUBB a,R0
0008 A3                8     INC DPTR
0009 F0                9     MOVX @DPTR,a
                      10     END
A51 MACRO ASSEMBLER  SUB                                                                  10/15/2020 14:14:48 PAGE     2

SYMBOL TABLE LISTING
------ ----- -------


N A M E             T Y P E  V A L U E   ATTRIBUTES



REGISTER BANK(S) USED: 0 


ASSEMBLY COMPLETE.  0 WARNING(S), 0 ERROR(S)
